EN my_mux NULL /home/sd/Downloads/my_ULA/my_MUX.vhd sub00/vhpl14 1727890781
EN my_or NULL /home/sd/Downloads/my_ULA/my_OR.vhd sub00/vhpl02 1727890769
AR my_statemachine behavioral /home/sd/Downloads/my_ULA/my_STATEMACHINE.vhd sub00/vhpl25 1727890784
AR my_fourbitmultiplier behavioral /home/sd/Downloads/my_ULA/my_FOURBITMULTIPLIER.vhd sub00/vhpl13 1727890778
EN my_and NULL /home/sd/Downloads/my_ULA/my_AND.vhd sub00/vhpl00 1727890765
EN my_fulladder NULL /home/sd/Downloads/my_ULA/my_FULLADDER.vhd sub00/vhpl06 1727890759
AR my_fourbitsubtractor behavioral /home/sd/Downloads/my_ULA/my_FOURBITSUBTRACTOR.vhd sub00/vhpl11 1727890776
AR my_and behavioral /home/sd/Downloads/my_ULA/my_AND.vhd sub00/vhpl01 1727890766
AR my_or behavioral /home/sd/Downloads/my_ULA/my_OR.vhd sub00/vhpl03 1727890770
EN my_freqdiv NULL /home/sd/Downloads/my_ULA/my_FREQDIV.vhd sub00/vhpl22 1727890779
EN my_fourbitsubtractor NULL /home/sd/Downloads/my_ULA/my_FOURBITSUBTRACTOR.vhd sub00/vhpl10 1727890775
AR my_nand behavioral /home/sd/Downloads/my_ULA/my_NAND.vhd sub00/vhpl17 1727890768
EN my_fourbitmultiplier NULL /home/sd/Downloads/my_ULA/my_FOURBITMULTIPLIER.vhd sub00/vhpl12 1727890777
EN my_fourbitsum NULL /home/sd/Downloads/my_ULA/my_FOURBITSUM.vhd sub00/vhpl04 1727890761
EN my_subtractor1bit NULL /home/sd/Downloads/my_ULA/my_SUBTRACTOR1BIT.vhd sub00/vhpl08 1727890763
EN my_statemachine NULL /home/sd/Downloads/my_ULA/my_STATEMACHINE.vhd sub00/vhpl24 1727890783
EN my_nand NULL /home/sd/Downloads/my_ULA/my_NAND.vhd sub00/vhpl16 1727890767
AR my_not behavioral /home/sd/Downloads/my_ULA/my_NOT.vhd sub00/vhpl21 1727890774
AR my_subtractor1bit behavioral /home/sd/Downloads/my_ULA/my_SUBTRACTOR1BIT.vhd sub00/vhpl09 1727890764
AR my_fourbitsum behavioral /home/sd/Downloads/my_ULA/my_FOURBITSUM.vhd sub00/vhpl05 1727890762
AR my_fulladder behavioral /home/sd/Downloads/my_ULA/my_FULLADDER.vhd sub00/vhpl07 1727890760
AR my_nor behavioral /home/sd/Downloads/my_ULA/my_NOR.vhd sub00/vhpl19 1727890772
AR my_mux behavioral /home/sd/Downloads/my_ULA/my_MUX.vhd sub00/vhpl15 1727890782
AR my_freqdiv behavioral /home/sd/Downloads/my_ULA/my_FREQDIV.vhd sub00/vhpl23 1727890780
EN my_nor NULL /home/sd/Downloads/my_ULA/my_NOR.vhd sub00/vhpl18 1727890771
EN my_not NULL /home/sd/Downloads/my_ULA/my_NOT.vhd sub00/vhpl20 1727890773
