V3 59
FL /home/sd/Desktop/my_ULA/my_FOURBITMULTIPLIER.vhd 2024/09/20.17:02:59 P.20131013
FL /home/sd/Desktop/my_ULA/my_FOURBITSUBTRACTOR.vhd 2024/09/20.16:07:29 P.20131013
FL /home/sd/Desktop/my_ULA/my_FOURBITSUM.vhd 2024/09/20.16:59:49 P.20131013
FL /home/sd/Desktop/my_ULA/my_FULLADDER.vhd 2024/09/20.15:21:18 P.20131013
FL /home/sd/Desktop/my_ULA/my_SUBTRACTOR1BIT.vhd 2024/09/20.15:54:52 P.20131013
FL /home/sd/Downloads/my_ULA/my_AND.vhd 2024/09/13.15:52:39 P.20131013
EN work/my_AND 1727890765 FL /home/sd/Downloads/my_ULA/my_AND.vhd \
      PB ieee/std_logic_1164 1381692176
AR work/my_AND/Behavioral 1727890766 \
      FL /home/sd/Downloads/my_ULA/my_AND.vhd EN work/my_AND 1727890765
FL /home/sd/Downloads/my_ULA/my_FOURBITMULTIPLIER.vhd 2024/09/20.17:02:59 P.20131013
EN work/my_FOURBITMULTIPLIER 1727890777 \
      FL /home/sd/Downloads/my_ULA/my_FOURBITMULTIPLIER.vhd \
      PB ieee/std_logic_1164 1381692176
AR work/my_FOURBITMULTIPLIER/Behavioral 1727890778 \
      FL /home/sd/Downloads/my_ULA/my_FOURBITMULTIPLIER.vhd \
      EN work/my_FOURBITMULTIPLIER 1727890777 CP my_FOURBITSUM
FL /home/sd/Downloads/my_ULA/my_FOURBITSUBTRACTOR.vhd 2024/09/27.15:59:04 P.20131013
EN work/my_FOURBITSUBTRACTOR 1727890775 \
      FL /home/sd/Downloads/my_ULA/my_FOURBITSUBTRACTOR.vhd \
      PB ieee/std_logic_1164 1381692176
AR work/my_FOURBITSUBTRACTOR/Behavioral 1727890776 \
      FL /home/sd/Downloads/my_ULA/my_FOURBITSUBTRACTOR.vhd \
      EN work/my_FOURBITSUBTRACTOR 1727890775 CP my_SUBTRACTOR1BIT
FL /home/sd/Downloads/my_ULA/my_FOURBITSUM.vhd 2024/09/20.16:59:49 P.20131013
EN work/my_FOURBITSUM 1727890761 FL /home/sd/Downloads/my_ULA/my_FOURBITSUM.vhd \
      PB ieee/std_logic_1164 1381692176
AR work/my_FOURBITSUM/Behavioral 1727890762 \
      FL /home/sd/Downloads/my_ULA/my_FOURBITSUM.vhd EN work/my_FOURBITSUM 1727890761 \
      CP my_FULLADDER
FL /home/sd/Downloads/my_ULA/my_FREQDIV.vhd 2024/10/02.14:38:47 P.20131013
EN work/my_FREQDIV 1727890779 FL /home/sd/Downloads/my_ULA/my_FREQDIV.vhd \
      PB ieee/std_logic_1164 1381692176
AR work/my_FREQDIV/Behavioral 1727890780 \
      FL /home/sd/Downloads/my_ULA/my_FREQDIV.vhd EN work/my_FREQDIV 1727890779
FL /home/sd/Downloads/my_ULA/my_FULLADDER.vhd 2024/09/20.15:21:18 P.20131013
EN work/my_FULLADDER 1727890759 FL /home/sd/Downloads/my_ULA/my_FULLADDER.vhd \
      PB ieee/std_logic_1164 1381692176
AR work/my_FULLADDER/Behavioral 1727890760 \
      FL /home/sd/Downloads/my_ULA/my_FULLADDER.vhd EN work/my_FULLADDER 1727890759
FL /home/sd/Downloads/my_ULA/my_MUX.vhd 2024/09/27.16:00:45 P.20131013
EN work/my_MUX 1727890781 FL /home/sd/Downloads/my_ULA/my_MUX.vhd \
      PB ieee/std_logic_1164 1381692176
AR work/my_MUX/Behavioral 1727890782 \
      FL /home/sd/Downloads/my_ULA/my_MUX.vhd EN work/my_MUX 1727890781 CP my_AND \
      CP my_NAND CP my_OR CP my_NOR CP my_NOT CP my_FOURBITSUM \
      CP my_FOURBITSUBTRACTOR CP my_FOURBITMULTIPLIER
FL /home/sd/Downloads/my_ULA/my_NAND.vhd 2024/09/13.16:00:40 P.20131013
EN work/my_NAND 1727890767 FL /home/sd/Downloads/my_ULA/my_NAND.vhd \
      PB ieee/std_logic_1164 1381692176
AR work/my_NAND/Behavioral 1727890768 \
      FL /home/sd/Downloads/my_ULA/my_NAND.vhd EN work/my_NAND 1727890767
FL /home/sd/Downloads/my_ULA/my_NOR.vhd 2024/09/13.16:00:32 P.20131013
EN work/my_NOR 1727890771 FL /home/sd/Downloads/my_ULA/my_NOR.vhd \
      PB ieee/std_logic_1164 1381692176
AR work/my_NOR/Behavioral 1727890772 \
      FL /home/sd/Downloads/my_ULA/my_NOR.vhd EN work/my_NOR 1727890771
FL /home/sd/Downloads/my_ULA/my_NOT.vhd 2024/09/13.15:57:59 P.20131013
EN work/my_NOT 1727890773 FL /home/sd/Downloads/my_ULA/my_NOT.vhd \
      PB ieee/std_logic_1164 1381692176
AR work/my_NOT/Behavioral 1727890774 \
      FL /home/sd/Downloads/my_ULA/my_NOT.vhd EN work/my_NOT 1727890773
FL /home/sd/Downloads/my_ULA/my_OR.vhd 2024/09/13.15:52:28 P.20131013
EN work/my_OR 1727890769 FL /home/sd/Downloads/my_ULA/my_OR.vhd \
      PB ieee/std_logic_1164 1381692176
AR work/my_OR/Behavioral 1727890770 \
      FL /home/sd/Downloads/my_ULA/my_OR.vhd EN work/my_OR 1727890769
FL /home/sd/Downloads/my_ULA/my_STATEMACHINE.vhd 2024/10/02.14:39:11 P.20131013
EN work/my_STATEMACHINE 1727890783 \
      FL /home/sd/Downloads/my_ULA/my_STATEMACHINE.vhd PB ieee/std_logic_1164 1381692176
AR work/my_STATEMACHINE/Behavioral 1727890784 \
      FL /home/sd/Downloads/my_ULA/my_STATEMACHINE.vhd EN work/my_STATEMACHINE 1727890783 \
      CP my_FREQDIV CP my_MUX
FL /home/sd/Downloads/my_ULA/my_SUBTRACTOR1BIT.vhd 2024/09/20.15:54:52 P.20131013
EN work/my_SUBTRACTOR1BIT 1727890763 \
      FL /home/sd/Downloads/my_ULA/my_SUBTRACTOR1BIT.vhd PB ieee/std_logic_1164 1381692176
AR work/my_SUBTRACTOR1BIT/Behavioral 1727890764 \
      FL /home/sd/Downloads/my_ULA/my_SUBTRACTOR1BIT.vhd \
      EN work/my_SUBTRACTOR1BIT 1727890763
FL /home/sd/my_ULA/my_AND.vhd 2024/09/13.15:52:39 P.20131013
FL /home/sd/my_ULA/my_FOURBITSUM.vhd 2024/09/13.16:50:27 P.20131013
FL /home/sd/my_ULA/my_OR.vhd 2024/09/13.15:52:28 P.20131013
